smash> smash pid is 6409
smash> smash pid is 6409
smash> smash pid is 6409
smash> smash pid is 6409
smash> smash pid is 6409
smash> smash> smash> 