smash> submitted by Eran
smash> smash> smash> smash> sleep 200& : 2
smash: got Ctrl-Z
smash: process 6818 was stopped
smash> 