smash> smash> smash> smash> smash> smash> smash> smash> smash> smash> smash pid is 6402
smash> smash> smash pid is 6402
smash> smash> smash> smash> > mypid
> new
mypid
new
smash> smash> [1] sleep 100& : 6468 0 secs
smash> smash> smash error: kill: invalid arguments
smash> smash> smash error: kill: invalid arguments
smash> smash> > mypid
> new
k
mypid
new
s
t
smash> smash> smash> > mypid
> new
k
mypid
new
p
s
t
smash> smash> smash> before
smash> smash> smash> smash> smash> > mypid
> new
k
mypid
p
s
t
smash> smash> smash> > mypid
> new
k
mypid
new
p
s
t
smash> smash> smash> smash> > mypid
> new
k
mypid
new
p
s
t
smash> smash> smash> smash> smash> smash> smash> smash> smash: got Ctrl-Z
