smash> smash> smash> smash> [1] timeout 2 sleep 5& : 12722 0 secs
[2] timeout 3 sleep 10& : 12723 0 secs
smash> smash: got an alarm
smash: timeout 2 sleep 5& timed out!
smash: got an alarm
smash: timeout 3 sleep 10& timed out!
smash> smash: sending SIGKILL signal to 0 jobs:
