smash> smash> smash> sleep 1& : 2
smash> sleep 1& : 1
smash> 