smash> smash> smash> [1] timeout 2 sleep 10& : 12405 0 secs
smash> smash: got an alarm
smash: timeout 2 sleep 10& timed out!
smash> smash: sending SIGKILL signal to 0 jobs:
