smash> smash error: bg: invalid arguments
smash> smash error: bg: invalid arguments
smash> smash error: bg: job-id 0 does not exist
